********************************************************************
I/O Bank Report - Date: Mon Nov 17 09:10:00 2014
Product: Designer
Release: v11.4 SP1
Version: 11.4.1.17
Design Name: Igloo2_TFT_Video_Out_Test_top
Family: IGLOO2
Die: M2GL010T
Package: 484 FBGA
********************************************************************


I/O Function:

    Type                                  | w/o register  | w/ register  | w/ DDR register
    --------------------------------------|---------------|--------------|----------------
    Input I/O                             | 5             | 0            | 0
    Output I/O                            | 56            | 0            | 0
    Bidirectional I/O                     | 20            | 0            | 0
    Differential Input I/O Pairs          | 0             | 0            | 0
    Differential Output I/O Pairs         | 1             | 0            | 0

I/O Technology:

                                    |   Voltages    |             I/Os              
    --------------------------------|-------|-------|-------|--------|--------------
    I/O Standard(s)                 | Vddi  | Vref  | Input | Output | Bidirectional
    --------------------------------|-------|-------|-------|--------|--------------
    LVCMOS33                        | 3.30v | N/A   | 0     | 28     | 0            
    LVCMOS25                        | 2.50v | N/A   | 4     | 1      | 0            
    LPDDRI (Input/Bidirectional)    | 1.80v | 1.00v | 1     | 0      | 20           
    LPDDRI (Output)                 | 1.80v | N/A   | 0     | 29     | 0            

I/O Bank Resource Usage:

          |   Voltages    | Single I/Os  | Diff I/O Pairs |        Vref I/Os        |  Type   
          |-------|-------|------|-------|-------|--------|------|-------|----------|---------
          | Vddi  | Vref  | Used | Total | Used  | Total  | Used | Total | Vref Pins|         
    ------|-------|-------|------|-------|-------|--------|------|-------|----------|---------
    Bank0 | 1.80v | 1.00v | 0    | 70    | 1     | 35     | 48   | 70    | 0        | DDRIO   
    Bank1 | 3.30v | N/A   | 2    | 15    | 0     | 7      | N/A  | N/A   | N/A      | MSIO    
    Bank2 | 2.50v | N/A   | 5    | 38    | 0     | 19     | N/A  | N/A   | N/A      | MSIO    
    Bank3 | N/A   | N/A   | 0    | 0     | 0     | 0      | N/A  | N/A   | N/A      | JTAG    
    Bank4 | 3.30v | N/A   | 20   | 34    | 0     | 17     | N/A  | N/A   | N/A      | MSIO    
    Bank5 | N/A   | N/A   | 0    | 4     | 0     | 2      | N/A  | N/A   | N/A      | MSIOD   
    Bank6 | N/A   | N/A   | 0    | 36    | 0     | 18     | N/A  | N/A   | N/A      | MSIOD   
    Bank7 | 3.30v | N/A   | 6    | 36    | 0     | 18     | N/A  | N/A   | N/A      | MSIO    


I/O Voltage Usage:

       Voltages    |     I/Os     
    -------|-------|------|-------
     Vddi  | Vref  | Used | Total 
    -------|-------|------|-------
     1.80v | N/A   | 50   | 70    
     2.50v | N/A   | 5    | 38    
     3.30v | N/A   | 28   | 85    
     1.80v | 1.00v | 21   | 70    

