Compile Report
Microsemi Corporation - Microsemi Libero Software Release v11.4 SP1 (Version 11.4.1.17)
Date: Mon Nov 17 08:03:08 2014

Device Selection
+--------------------------------+----------------+
| Family                         | IGLOO2         |
| Device                         | M2GL010T       |
| Package                        | 484 FBGA       |
| Speed Grade                    | -1             |
| Temp                           | 0:25:85        |
| Voltage                        | 1.26:1.20:1.14 |
| Core Voltage                   | 1.2V           |
| Ramp Rate                      | 100ms Minimum  |
| System Controller Suspend Mode | No             |
| PLL Supply Voltage             | 2.5V           |
| Default I/O technology         | LVCMOS 2.5V    |
| Restrict Probe Pins            | Yes            |
+--------------------------------+----------------+

Source Files
+---------+---------------------------------------------------------------------------------------------+
| Topcell | Igloo2_TFT_Video_Out_Test_top                                                               |
| Format  | EDIF                                                                                        |
| Source  | /home/nick/src/Igloo2_TFT_Video_Out_test/synthesis/Igloo2_TFT_Video_Out_Test_top.edn        |
| Source  | /home/nick/src/Igloo2_TFT_Video_Out_test/constraint/io/Igloo2_TFT_Video_Out_Test_top.io.pdc |
+---------+---------------------------------------------------------------------------------------------+

Options
+---------------------------------------------------------+-------+
| Merge User SDC file(s) with Existing Timing Constraints | true  |
| Abort Compile if errors are found in PDC file(s)        | true  |
| Enable Design Separation Methodology                    | false |
| Limit the number of high fanout nets to display to      | 10    |
+---------------------------------------------------------+-------+

Resource Usage
+---------------------------+-------+-------+------------+
| Type                      | Used  | Total | Percentage |
+---------------------------+-------+-------+------------+
| 4LUT                      | 6447  | 12084 | 53.35      |
| DFF                       | 10411 | 12084 | 86.16      |
| I/O Register              | 0     | 693   | 0.00       |
| User I/O                  | 83    | 231   | 35.93      |
| -- Single-ended I/O       | 81    | 231   | 35.06      |
| -- Differential I/O Pairs | 1     | 115   | 0.87       |
| RAM64x18                  | 0     | 22    | 0.00       |
| RAM1K18                   | 0     | 21    | 0.00       |
| MACC                      | 0     | 22    | 0.00       |
| Chip Global               | 8     | 8     | 100.00     |
| CCC                       | 1     | 2     | 50.00      |
| RCOSC_25_50MHZ            | 1     | 1     | 100.00     |
| RCOSC_1MHZ                | 0     | 1     | 0.00       |
| XTLOSC                    | 0     | 1     | 0.00       |
| SERDESIF Blocks           | 0     | 1     | 0.00       |
| -- SERDESIF Lanes         | 0     | 4     | 0.00       |
| HPMS                      | 1     | 1     | 100.00     |
+---------------------------+-------+-------+------------+

Detailed Logic Resource Usage
+--------------------------+------+-------+
| Type                     | 4LUT | DFF   |
+--------------------------+------+-------+
| Fabric Logic             | 6447 | 10411 |
| RAM64x18 Interface Logic | 0    | 0     |
| RAM1K18 Interface Logic  | 0    | 0     |
| MACC Interface Logic     | 0    | 0     |
| Total Used               | 6447 | 10411 |
+--------------------------+------+-------+

HPMS Resource Usage
+---------------+------+-------+
| Type          | Used | Total |
+---------------+------+-------+
| eNVM (256KB)* | 1    | 1     |
| eSRAM*        | 2    | 2     |
| SPI           | 0    | 1     |
| MDDR          | 1    | 1     |
| HPDMA         | 0    | 1     |
| PDMA          | 0    | 1     |
+---------------+------+-------+

* These resources are always marked as used when you are using the HPMS

Detailed Carry Chains Resource Usage
+--------+------+
| Length | Used |
| 8      | 1    |
| 9      | 2    |
| 11     | 5    |
| 12     | 1    |
| 16     | 2    |
| 17     | 5    |
| 18     | 1    |
| 20     | 3    |
| 23     | 1    |
| 27     | 1    |
| Total  | 22   |
+--------+------+

I/O Function
+-------------------------------+--------------+-------------+-----------------+
| Type                          | w/o register | w/ register | w/ DDR register |
+-------------------------------+--------------+-------------+-----------------+
| Input I/O                     | 5            | 0           | 0               |
| Output I/O                    | 56           | 0           | 0               |
| Bidirectional I/O             | 20           | 0           | 0               |
| Differential Input I/O Pairs  | 0            | 0           | 0               |
| Differential Output I/O Pairs | 1            | 0           | 0               |
+-------------------------------+--------------+-------------+-----------------+

I/O Technology
+------------------------------+--------+--------+-------+--------+---------------+
| I/O Standard                 | Vddi   | Vref   | Input | Output | Bidirectional |
+------------------------------+--------+--------+-------+--------+---------------+
| LVCMOS33                     |  3.30v |  N/A   |  0    |  28    |  0            |
| LVCMOS25                     |  2.50v |  N/A   |  4    |  1     |  0            |
| LPDDRI (Input/Bidirectional) |  1.80v |  1.00v |  1    |  0     |  20           |
| LPDDRI (Output)              |  1.80v |  N/A   |  0    |  29    |  0            |
+------------------------------+--------+--------+-------+--------+---------------+

I/O Placement
+----------+-------+------------+
| Type     | Count | Percentage |
+----------+-------+------------+
| Locked   |  82   | 98.80%     |
| Placed   |  0    | 0.00%      |
| UnPlaced |  1    | 1.20%      |
+----------+-------+------------+

Nets assigned to chip global resources
+--------+---------+----------------------------------------------------------------------------------------------------------------------+
| Fanout | Type    | Name                                                                                                                 |
+--------+---------+----------------------------------------------------------------------------------------------------------------------+
| 10318  | INT_NET | Net   : CLK_o_net_0                                                                                                  |
|        |         | Driver: Igloo2_TFT_Video_Out_Test_0/CCC_0/GL0_INST/U0_RGB1                                                           |
|        |         | Source: NETLIST                                                                                                      |
| 9621   | INT_NET | Net   : Igloo2_TFT_Video_Out_Test_0.CORERESETP_0.INIT_DONE_int_iso_i                                                 |
|        |         | Driver: Igloo2_TFT_Video_Out_Test_0/CORERESETP_0/INIT_DONE_int_iso_RNI83DA_0/U0_RGB1                                 |
|        |         | Source: NETLIST                                                                                                      |
| 462    | INT_NET | Net   : Igloo2_TFT_Video_Out_Test_0/HPMS_READY                                                                       |
|        |         | Driver: Igloo2_TFT_Video_Out_Test_0/CORERESETP_0/MSS_HPMS_READY_int_RNI3D17/U0_RGB1                                  |
|        |         | Source: NETLIST                                                                                                      |
| 77     | INT_NET | Net   : Igloo2_TFT_Video_Out_Test_0/CORECONFIGP_0_APB_S_PRESET_N                                                     |
|        |         | Driver: Igloo2_TFT_Video_Out_Test_0/Igloo2_TFT_Video_Out_Test_HPMS_0/MSS_ADLIB_INST_RNI67N2/U0_RGB1                  |
|        |         | Source: NETLIST                                                                                                      |
| 75     | INT_NET | Net   : Igloo2_TFT_Video_Out_Test_0/CORECONFIGP_0_APB_S_PCLK                                                         |
|        |         | Driver: Igloo2_TFT_Video_Out_Test_0/Igloo2_TFT_Video_Out_Test_HPMS_0/FIC_2_APB_M_PCLK_inferred_clock_RNIU0V1/U0_RGB1 |
|        |         | Source: NETLIST                                                                                                      |
| 26     | INT_NET | Net   : Igloo2_TFT_Video_Out_Test_0/CORERESETP_0/sm0_areset_n_clk_base_0                                             |
|        |         | Driver: Igloo2_TFT_Video_Out_Test_0/CORERESETP_0/sm0_areset_n_clk_base_RNIE6L5/U0_RGB1                               |
|        |         | Source: NETLIST                                                                                                      |
| 20     | INT_NET | Net   : Igloo2_TFT_Video_Out_Test_0/FABOSC_0_RCOSC_25_50MHZ_O2F                                                      |
|        |         | Driver: Igloo2_TFT_Video_Out_Test_0/FABOSC_0/I_RCOSC_25_50MHZ_FAB_CLKINT/U0_RGB1                                     |
|        |         | Source: NETLIST                                                                                                      |
| 18     | INT_NET | Net   : Igloo2_TFT_Video_Out_Test_0/CORERESETP_0/sm0_areset_n_rcosc_0                                                |
|        |         | Driver: Igloo2_TFT_Video_Out_Test_0/CORERESETP_0/sm0_areset_n_rcosc_RNIK6M4/U0_RGB1                                  |
|        |         | Source: NETLIST                                                                                                      |
+--------+---------+----------------------------------------------------------------------------------------------------------------------+

Nets assigned to row global resources
+--------+------+------+
| Fanout | Type | Name |
+--------+------+------+
+--------+------+------+

High fanout nets
+--------+---------+--------------------------------------------------------------------+
| Fanout | Type    | Name                                                               |
+--------+---------+--------------------------------------------------------------------+
| 4806   | INT_NET | Net   : lineBuffer_0/inactive_horizontal_RNIGT08B[31]              |
|        |         | Driver: lineBuffer_0/inactive_horizontal_RNIGT08B[31]              |
| 1686   | INT_NET | Net   : lineBuffer_0/active_horizontal[4]                          |
|        |         | Driver: lineBuffer_0/active_horizontal[4]                          |
| 1363   | INT_NET | Net   : lineBuffer_0/active_horizontal[3]                          |
|        |         | Driver: lineBuffer_0/active_horizontal[3]                          |
| 807    | INT_NET | Net   : Igloo2_TFT_Video_Out_Test_0.CORERESETP_0.INIT_DONE_int_iso |
|        |         | Driver: Igloo2_TFT_Video_Out_Test_0/CORERESETP_0/INIT_DONE_int_iso |
| 801    | INT_NET | Net   : patternGen_0_PIXEL_o[2]                                    |
|        |         | Driver: patternGen_0/pixel_r[0]                                    |
| 801    | INT_NET | Net   : patternGen_0_PIXEL_o[3]                                    |
|        |         | Driver: patternGen_0/pixel_r[1]                                    |
| 801    | INT_NET | Net   : patternGen_1_PIXEL_o[2]                                    |
|        |         | Driver: patternGen_1/pixel_r[0]                                    |
| 801    | INT_NET | Net   : patternGen_1_PIXEL_o[3]                                    |
|        |         | Driver: patternGen_1/pixel_r[1]                                    |
| 801    | INT_NET | Net   : patternGen_2_PIXEL_o[2]                                    |
|        |         | Driver: patternGen_2/pixel_r[0]                                    |
| 801    | INT_NET | Net   : patternGen_2_PIXEL_o[3]                                    |
|        |         | Driver: patternGen_2/pixel_r[1]                                    |
+--------+---------+--------------------------------------------------------------------+

High fanout nets (through buffer trees)
+--------+---------+--------------------------------------------------------------------+
| Fanout | Type    | Name                                                               |
+--------+---------+--------------------------------------------------------------------+
| 4806   | INT_NET | Net   : lineBuffer_0/inactive_horizontal_RNIGT08B[31]              |
|        |         | Driver: lineBuffer_0/inactive_horizontal_RNIGT08B[31]              |
| 1686   | INT_NET | Net   : lineBuffer_0/active_horizontal[4]                          |
|        |         | Driver: lineBuffer_0/active_horizontal[4]                          |
| 1363   | INT_NET | Net   : lineBuffer_0/active_horizontal[3]                          |
|        |         | Driver: lineBuffer_0/active_horizontal[3]                          |
| 807    | INT_NET | Net   : Igloo2_TFT_Video_Out_Test_0.CORERESETP_0.INIT_DONE_int_iso |
|        |         | Driver: Igloo2_TFT_Video_Out_Test_0/CORERESETP_0/INIT_DONE_int_iso |
| 801    | INT_NET | Net   : patternGen_0_PIXEL_o[2]                                    |
|        |         | Driver: patternGen_0/pixel_r[0]                                    |
| 801    | INT_NET | Net   : patternGen_0_PIXEL_o[3]                                    |
|        |         | Driver: patternGen_0/pixel_r[1]                                    |
| 801    | INT_NET | Net   : patternGen_1_PIXEL_o[2]                                    |
|        |         | Driver: patternGen_1/pixel_r[0]                                    |
| 801    | INT_NET | Net   : patternGen_1_PIXEL_o[3]                                    |
|        |         | Driver: patternGen_1/pixel_r[1]                                    |
| 801    | INT_NET | Net   : patternGen_2_PIXEL_o[2]                                    |
|        |         | Driver: patternGen_2/pixel_r[0]                                    |
| 801    | INT_NET | Net   : patternGen_2_PIXEL_o[3]                                    |
|        |         | Driver: patternGen_2/pixel_r[1]                                    |
+--------+---------+--------------------------------------------------------------------+

