*****************************************************************
Pin Report - Date: Thu Oct 30 01:22:23 2014 Pinchecksum: NOT-AVAILABLE
Product: Designer
Release: v11.4
Version: 11.4.0.112
Design Name: Igloo2_TFT_Video_Out_Test_top
Family: IGLOO2
Die: M2GL010T
Package: 484 FBGA
*****************************************************************

Port                  |Pin |Fixed |Function                     |Bank     |I/O Std   |Direction                      |I/O state in Flash*Freeze mode |Resistor Pull                      |I/O available in Flash*Freeze mode |Schmitt Trigger |Odt_Static    |Odt Imp (Ohm)  |Low Power Exit |Input Delay |Slew         |Pre-Emphasis      |Output Drive (mA) |Output Load (pF) |
----------------------|----|------|-----------------------------|---------|----------|-------------------------------|-------------------------------|-----------------------------------|-----------------------------------|----------------|--------------|---------------|---------------|------------|-------------|------------------|------------------|-----------------|
DEVRST_N               R15  Fixed  DEVRST_N                      ---       
MDDR_ADDR[0]           B17  Yes    DDRIO37NB0/MDDR_ADDR0         Bank0     LPDDRI     Output                          TRISTATE                        None                                ---                                 ---              ---            ---             ---             ---          ---           ---                ---                5                 
MDDR_ADDR[1]           D16  Yes    DDRIO36PB0/MDDR_ADDR1         Bank0     LPDDRI     Output                          TRISTATE                        None                                ---                                 ---              ---            ---             ---             ---          ---           ---                ---                5                 
MDDR_ADDR[2]           E16  Yes    DDRIO36NB0/MDDR_ADDR2         Bank0     LPDDRI     Output                          TRISTATE                        None                                ---                                 ---              ---            ---             ---             ---          ---           ---                ---                5                 
MDDR_ADDR[3]           C17  Yes    DDRIO35PB0/MDDR_ADDR3         Bank0     LPDDRI     Output                          TRISTATE                        None                                ---                                 ---              ---            ---             ---             ---          ---           ---                ---                5                 
MDDR_ADDR[4]           C18  Yes    DDRIO35NB0/MDDR_ADDR4         Bank0     LPDDRI     Output                          TRISTATE                        None                                ---                                 ---              ---            ---             ---             ---          ---           ---                ---                5                 
MDDR_ADDR[5]           B19  Yes    DDRIO34PB0/MDDR_ADDR5         Bank0     LPDDRI     Output                          TRISTATE                        None                                ---                                 ---              ---            ---             ---             ---          ---           ---                ---                5                 
MDDR_ADDR[6]           A20  Yes    DDRIO34NB0/MDDR_ADDR6         Bank0     LPDDRI     Output                          TRISTATE                        None                                ---                                 ---              ---            ---             ---             ---          ---           ---                ---                5                 
MDDR_ADDR[7]           C19  Yes    DDRIO33NB0/MDDR_ADDR7         Bank0     LPDDRI     Output                          TRISTATE                        None                                ---                                 ---              ---            ---             ---             ---          ---           ---                ---                5                 
MDDR_ADDR[8]           E17  Yes    DDRIO32PB0/MDDR_ADDR8         Bank0     LPDDRI     Output                          TRISTATE                        None                                ---                                 ---              ---            ---             ---             ---          ---           ---                ---                5                 
MDDR_ADDR[9]           F17  Yes    DDRIO32NB0/MDDR_ADDR9         Bank0     LPDDRI     Output                          TRISTATE                        None                                ---                                 ---              ---            ---             ---             ---          ---           ---                ---                5                 
MDDR_ADDR[10]          A21  Yes    DDRIO31PB0/MDDR_ADDR10        Bank0     LPDDRI     Output                          TRISTATE                        None                                ---                                 ---              ---            ---             ---             ---          ---           ---                ---                5                 
MDDR_ADDR[11]          B21  Yes    DDRIO31NB0/MDDR_ADDR11        Bank0     LPDDRI     Output                          TRISTATE                        None                                ---                                 ---              ---            ---             ---             ---          ---           ---                ---                5                 
MDDR_ADDR[12]          E19  Yes    DDRIO30PB0/MDDR_ADDR12        Bank0     LPDDRI     Output                          TRISTATE                        None                                ---                                 ---              ---            ---             ---             ---          ---           ---                ---                5                 
MDDR_ADDR[13]          D20  Yes    DDRIO30NB0/MDDR_ADDR13        Bank0     LPDDRI     Output                          TRISTATE                        None                                ---                                 ---              ---            ---             ---             ---          ---           ---                ---                5                 
MDDR_ADDR[14]          D18  Yes    DDRIO29PB0/MDDR_ADDR14        Bank0     LPDDRI     Output                          TRISTATE                        None                                ---                                 ---              ---            ---             ---             ---          ---           ---                ---                5                 
MDDR_ADDR[15]          E18  Yes    DDRIO29NB0/MDDR_ADDR15        Bank0     LPDDRI     Output                          TRISTATE                        None                                ---                                 ---              ---            ---             ---             ---          ---           ---                ---                5                 
MDDR_BA[0]             A18  Yes    DDRIO38PB0/MDDR_BA0           Bank0     LPDDRI     Output                          TRISTATE                        None                                ---                                 ---              ---            ---             ---             ---          ---           ---                ---                5                 
MDDR_BA[1]             A19  Yes    DDRIO38NB0/MDDR_BA1           Bank0     LPDDRI     Output                          TRISTATE                        None                                ---                                 ---              ---            ---             ---             ---          ---           ---                ---                5                 
MDDR_BA[2]             C16  Yes    DDRIO37PB0/MDDR_BA2           Bank0     LPDDRI     Output                          TRISTATE                        None                                ---                                 ---              ---            ---             ---             ---          ---           ---                ---                5                 
MDDR_CAS_N             F15  Yes    DDRIO40NB0/MDDR_CAS_N         Bank0     LPDDRI     Output                          TRISTATE                        None                                ---                                 ---              ---            ---             ---             ---          ---           ---                ---                5                 
MDDR_CKE               B15  Yes    DDRIO41PB0/MDDR_CKE           Bank0     LPDDRI     Output                          TRISTATE                        None                                ---                                 ---              ---            ---             ---             ---          ---           ---                ---                5                 
MDDR_CLK               A16  Yes    DDRIO39PB0/MDDR_CLK           Bank0     LPDDRI     Output                          TRISTATE                        None                                ---                                 ---              ---            ---             ---             ---          ---           ---                ---                5                 
MDDR_CLK_N             A17  Yes    DDRIO39NB0/MDDR_CLK_N         Bank0     LPDDRI     Output                          TRISTATE                        None                                ---                                 ---              ---            ---             ---             ---          ---           ---                ---                5                 
MDDR_CS_N              C15  Yes    DDRIO41NB0/MDDR_CS_N          Bank0     LPDDRI     Output                          TRISTATE                        None                                ---                                 ---              ---            ---             ---             ---          ---           ---                ---                5                 
MDDR_DM_RDQS[0]        A10  Yes    DDRIO51PB0/MDDR_DM_RDQS0      Bank0     LPDDRI     Inout                           TRISTATE                        None                                ---                                 ---              Off            50              Off             Off          ---           ---                ---                5                 
MDDR_DM_RDQS[1]        G13  Yes    DDRIO45NB0/MDDR_DM_RDQS1      Bank0     LPDDRI     Inout                           TRISTATE                        None                                ---                                 ---              Off            50              Off             Off          ---           ---                ---                5                 
MDDR_DQ[0]             B9   Yes    DDRIO54PB0/MDDR_DQ0           Bank0     LPDDRI     Inout                           TRISTATE                        None                                ---                                 ---              Off            50              Off             Off          ---           ---                ---                5                 
MDDR_DQ[1]             A9   Yes    DDRIO54NB0/MDDR_DQ1           Bank0     LPDDRI     Inout                           TRISTATE                        None                                ---                                 ---              Off            50              Off             Off          ---           ---                ---                5                 
MDDR_DQ[2]             F10  Yes    DDRIO53PB0/MDDR_DQ2           Bank0     LPDDRI     Inout                           TRISTATE                        None                                ---                                 ---              Off            50              Off             Off          ---           ---                ---                5                 
MDDR_DQ[3]             E10  Yes    DDRIO53NB0/MDDR_DQ3           Bank0     LPDDRI     Inout                           TRISTATE                        None                                ---                                 ---              Off            50              Off             Off          ---           ---                ---                5                 
MDDR_DQ[4]             A11  Yes    DDRIO51NB0/MDDR_DQ4           Bank0     LPDDRI     Inout                           TRISTATE                        None                                ---                                 ---              Off            50              Off             Off          ---           ---                ---                5                 
MDDR_DQ[5]             D10  Yes    DDRIO50PB0/MDDR_DQ5           Bank0     LPDDRI     Inout                           TRISTATE                        None                                ---                                 ---              Off            50              Off             Off          ---           ---                ---                5                 
MDDR_DQ[6]             D11  Yes    DDRIO50NB0/MDDR_DQ6           Bank0     LPDDRI     Inout                           TRISTATE                        None                                ---                                 ---              Off            50              Off             Off          ---           ---                ---                5                 
MDDR_DQ[7]             E12  Yes    DDRIO49PB0/MDDR_DQ7           Bank0     LPDDRI     Inout                           TRISTATE                        None                                ---                                 ---              Off            50              Off             Off          ---           ---                ---                5                 
MDDR_DQ[8]             A12  Yes    DDRIO48PB0/MDDR_DQ8           Bank0     LPDDRI     Inout                           TRISTATE                        None                                ---                                 ---              Off            50              Off             Off          ---           ---                ---                5                 
MDDR_DQ[9]             A13  Yes    DDRIO48NB0/MDDR_DQ9           Bank0     LPDDRI     Inout                           TRISTATE                        None                                ---                                 ---              Off            50              Off             Off          ---           ---                ---                5                 
MDDR_DQ[10]            D12  Yes    DDRIO47PB0/MDDR_DQ10          Bank0     LPDDRI     Inout                           TRISTATE                        None                                ---                                 ---              Off            50              Off             Off          ---           ---                ---                5                 
MDDR_DQ[11]            D13  Yes    DDRIO47NB0/MDDR_DQ11          Bank0     LPDDRI     Inout                           TRISTATE                        None                                ---                                 ---              Off            50              Off             Off          ---           ---                ---                5                 
MDDR_DQ[12]            A14  Yes    DDRIO44PB0/MDDR_DQ12          Bank0     LPDDRI     Inout                           TRISTATE                        None                                ---                                 ---              Off            50              Off             Off          ---           ---                ---                5                 
MDDR_DQ[13]            A15  Yes    DDRIO44NB0/MDDR_DQ13          Bank0     LPDDRI     Inout                           TRISTATE                        None                                ---                                 ---              Off            50              Off             Off          ---           ---                ---                5                 
MDDR_DQ[14]            D14  Yes    DDRIO43PB0/MDDR_DQ14          Bank0     LPDDRI     Inout                           TRISTATE                        None                                ---                                 ---              Off            50              Off             Off          ---           ---                ---                5                 
MDDR_DQ[15]            E13  Yes    DDRIO43NB0/MDDR_DQ15          Bank0     LPDDRI     Inout                           TRISTATE                        None                                ---                                 ---              Off            50              Off             Off          ---           ---                ---                5                 
MDDR_DQS[0]            B11  Yes    DDRIO52PB0/MDDR_DQS0          Bank0     LPDDRI     Inout                           TRISTATE                        None                                ---                                 ---              Off            50              Off             Off          ---           ---                ---                5                 
MDDR_DQS[1]            B13  Yes    DDRIO46PB0/MDDR_DQS1          Bank0     LPDDRI     Inout                           TRISTATE                        None                                ---                                 ---              Off            50              Off             Off          ---           ---                ---                5                 
MDDR_DQS_TMATCH_0_IN   G12  Yes    DDRIO45PB0/MDDR_TMATCH_0_IN   Bank0     LPDDRI     Input                           TRISTATE                        None                                ---                                 ---              Off            50              Off             Off          ---           ---                ---                ---               
MDDR_DQS_TMATCH_0_OUT  F12  Yes    DDRIO49NB0/MDDR_TMATCH_0_OUT  Bank0     LPDDRI     Output                          TRISTATE                        None                                ---                                 ---              ---            ---             ---             ---          ---           ---                ---                5                 
MDDR_ODT               C20  Yes    DDRIO33PB0/MDDR_ODT           Bank0     LPDDRI     Output                          TRISTATE                        None                                ---                                 ---              ---            ---             ---             ---          ---           ---                ---                5                 
MDDR_RAS_N             F14  Yes    DDRIO42PB0/MDDR_RAS_N         Bank0     LPDDRI     Output                          TRISTATE                        None                                ---                                 ---              ---            ---             ---             ---          ---           ---                ---                5                 
MDDR_RESET_N           E15  Yes    DDRIO40PB0/MDDR_RESET_N       Bank0     LPDDRI     Output                          TRISTATE                        None                                ---                                 ---              ---            ---             ---             ---          ---           ---                ---                5                 
MDDR_WE_N              G14  Yes    DDRIO42NB0/MDDR_WE_N          Bank0     LPDDRI     Output                          TRISTATE                        None                                ---                                 ---              ---            ---             ---             ---          ---           ---                ---                5                 
PIXEL_o[0]             F21  No     MSIO23PB1                     Bank1     LVCMOS25   Output                          TRISTATE                        None                                No                                  ---              ---            ---             ---             ---          SLOW          ---                4                  5                 
PIXEL_o[1]             C22  No     MSIO27PB1                     Bank1     LVCMOS25   Output                          TRISTATE                        None                                No                                  ---              ---            ---             ---             ---          SLOW          ---                4                  5                 
PIXEL_o[2]             H20  No     MSIO21PB1/GB5                 Bank1     LVCMOS25   Output                          TRISTATE                        None                                No                                  ---              ---            ---             ---             ---          SLOW          ---                4                  5                 
PIXEL_o[3]             F18  No     MSIO24NB1                     Bank1     LVCMOS25   Output                          TRISTATE                        None                                No                                  ---              ---            ---             ---             ---          SLOW          ---                4                  5                 
PIXEL_o[4]             B22  No     MSIO27NB1                     Bank1     LVCMOS25   Output                          TRISTATE                        None                                No                                  ---              ---            ---             ---             ---          SLOW          ---                4                  5                 
PIXEL_o[5]             F19  No     MSIO24PB1                     Bank1     LVCMOS25   Output                          TRISTATE                        None                                No                                  ---              ---            ---             ---             ---          SLOW          ---                4                  5                 
PIXEL_o[6]             G16  No     MSIO28NB1                     Bank1     LVCMOS25   Output                          TRISTATE                        None                                No                                  ---              ---            ---             ---             ---          SLOW          ---                4                  5                 
PIXEL_o[7]             F20  No     MSIO23NB1                     Bank1     LVCMOS25   Output                          TRISTATE                        None                                No                                  ---              ---            ---             ---             ---          SLOW          ---                4                  5                 
SWITCH                 D21  No     MSI26NB1                      Bank1     LVCMOS25   Input                           TRISTATE                        None                                No                                  Off              ---            ---             Off             Off          ---           ---                ---                ---               
